requested 700   already complete 40   to fetch 660   free disk 106.4 GB
fetching ticker->CIK map ...
  [   7/660] CYATY  404 (no XBRL facts)
  [  25/660] 0.4 min elapsed, ~9.9 min left, 344 MB on disk
  [  38/660] RTNTF  404 (no XBRL facts)
  [  45/660] KXIAY  404 (no XBRL facts)
  [  50/660] 0.7 min elapsed, ~8.0 min left, 408 MB on disk
  [  61/660] DTEGY  404 (no XBRL facts)
  [  64/660] SMERY  404 (no XBRL facts)
  [  75/660] 0.9 min elapsed, ~7.2 min left, 481 MB on disk
  [ 100/660] 1.2 min elapsed, ~6.9 min left, 571 MB on disk
  [ 124/660] MGCLY  404 (no XBRL facts)
  [ 125/660] 1.7 min elapsed, ~7.1 min left, 645 MB on disk
  [ 129/660] TKOMY  404 (no XBRL facts)
  [ 138/660] IFNNY  404 (no XBRL facts)
  [ 149/660] SNHIY  404 (no XBRL facts)
  [ 150/660] 2.0 min elapsed, ~6.7 min left, 726 MB on disk
  [ 152/660] BAESY  404 (no XBRL facts)
  [ 175/660] 2.3 min elapsed, ~6.4 min left, 809 MB on disk
  [ 200/660] 2.6 min elapsed, ~6.0 min left, 879 MB on disk
  [ 225/660] GWLIF  404 (no XBRL facts)
  [ 232/660] EONGY  404 (no XBRL facts)
  [ 236/660] RBGLY  404 (no XBRL facts)
  [ 237/660] LSEGY  404 (no XBRL facts)
  [ 250/660] 3.3 min elapsed, ~5.5 min left, 1037 MB on disk
  [ 255/660] GALDY  404 (no XBRL facts)
  [ 275/660] 3.8 min elapsed, ~5.3 min left, 1109 MB on disk
  [ 283/660] SMTOY  404 (no XBRL facts)
  [ 288/660] JHPCY  404 (no XBRL facts)
  [ 292/660] CSLLY  404 (no XBRL facts)
  [ 300/660] 4.3 min elapsed, ~5.1 min left, 1164 MB on disk
  [ 315/660] BMWKY  404 (no XBRL facts)
  [ 322/660] SCMWY  404 (no XBRL facts)
  [ 325/660] 4.6 min elapsed, ~4.7 min left, 1235 MB on disk
  [ 346/660] DLMAY  404 (no XBRL facts)
  [ 350/660] 4.9 min elapsed, ~4.4 min left, 1319 MB on disk
  [ 368/660] RSHGY  404 (no XBRL facts)
  [ 375/660] 5.2 min elapsed, ~4.0 min left, 1382 MB on disk
  [ 380/660] UNVGY  404 (no XBRL facts)
  [ 384/660] FSNUY  404 (no XBRL facts)
  [ 400/660] 5.7 min elapsed, ~3.7 min left, 1447 MB on disk
  [ 407/660] KBGGY  404 (no XBRL facts)
  [ 425/660] 5.9 min elapsed, ~3.3 min left, 1514 MB on disk
  [ 434/660] CHLSY  404 (no XBRL facts)
  [ 435/660] GELHY  404 (no XBRL facts)
  [ 450/660] 6.2 min elapsed, ~2.9 min left, 1582 MB on disk
  [ 471/660] HKHHY  404 (no XBRL facts)
  [ 475/660] 6.5 min elapsed, ~2.5 min left, 1667 MB on disk
  [ 484/660] MTNOY  404 (no XBRL facts)
  [ 500/660] 6.8 min elapsed, ~2.2 min left, 1740 MB on disk
  [ 512/660] EDPFY  404 (no XBRL facts)
  [ 516/660] CNGKY  404 (no XBRL facts)
  [ 525/660] 7.1 min elapsed, ~1.8 min left, 1802 MB on disk
  [ 541/660] TELNY  404 (no XBRL facts)
  [ 550/660] 7.5 min elapsed, ~1.5 min left, 1858 MB on disk
  [ 553/660] SOAGY  404 (no XBRL facts)
  [ 559/660] WTKWY  404 (no XBRL facts)
  [ 575/660] 7.8 min elapsed, ~1.1 min left, 1929 MB on disk
  [ 582/660] TRMOY  404 (no XBRL facts)
  [ 596/660] ARNNY  404 (no XBRL facts)
  [ 600/660] 8.1 min elapsed, ~0.8 min left, 1990 MB on disk
  [ 613/660] DSEEY  404 (no XBRL facts)
  [ 614/660] BAWAY  404 (no XBRL facts)
  [ 624/660] SCRNY  404 (no XBRL facts)
  [ 625/660] 8.3 min elapsed, ~0.5 min left, 2035 MB on disk
  [ 650/660] 8.6 min elapsed, ~0.1 min left, 2106 MB on disk
  [ 660/660] 8.7 min elapsed, ~0.0 min left, 2126 MB on disk

fetched 621   failed 39
failures written to data/companyfacts/_failures.json -- rerun with --retry-failed
   ['CYATY', 'RTNTF', 'KXIAY', 'DTEGY', 'SMERY', 'MGCLY', 'TKOMY', 'IFNNY', 'SNHIY', 'BAESY', 'GWLIF', 'EONGY', 'RBGLY', 'LSEGY', 'GALDY'] ...
